


 GITLAB $ git branch
  F1
* develop
  feature-branch
  master
  private
  public1
  public2

GITLAB $ git checkout master 
Updating files: 100% (30/30), done.
Switched to branch 'master'

 GITLAB $ ls
GIT_ASSINGMENT	main.txt  master.txt  public1.txt
 GITLAB $ git add master.txt 
 GITLAB $ git commit master.tx
On branch master
nothing to commit, working tree clean


GITLAB $ git branch
  F1
  develop
  feature-branch
* master
 GITLAB $ 
 GITLAB $ 
 GITLAB $ git branch public1
 GITLAB $ git branch public2
 GITLAB $ git branch private
 GITLAB $ git branch 
  F1
  develop
  feature-branch
* master
  private
  public1
  public2


GITLAB $ ls -la
total 40
drwx------  7 root root 4096 Dec 20 18:57 .
drwxr-xr-x 20 root root 4096 Nov 20 12:02 ..
-rw-r--r--  1 root root 4096 Dec 20 18:43 .bash_history
drwx------  3 root root 4096 Dec 20 18:43 .cache
drwxr-xr-x  8 root root 4096 Dec 20 18:57 .git
drwxr-xr-x  3 root root 4096 Dec 20 18:43 GIT_ASSINGMENT
-rw-r--r--  1 root root   46 Dec 20 18:43 .gitconfig
drwxr-xr-x  3 root root 4096 Nov 20 22:03 .local
-rw-r--r--  1 root root    0 Dec 20 18:43 main.txt
-rw-r--r--  1 root root   20 Dec 20 18:43 master.txt
drwx------  2 root root 4096 Dec 20 18:43 .ssh
 GITLAB $ touch  public.txt
 GITLAB $ 
 GITLAB $ 
 GITLAB $ git status
On branch public1
Untracked files:
  (use "git add <file>..." to include in what will be committed)
	public.txt

nothing added to commit but untracked files present (use "git add" to track)
 GITLAB $ git add public.txt 
 GITLAB $ git commit -m "added new"
[public1 706c320] added new
 1 file changed, 0 insertions(+), 0 deletions(-)
 create mode 100644 public.txt


GITLAB $ git merge p
private   public1   public2   
 GITLAB $ git merge public1
Updating b3f47aa..706c320
Fast-forward
 public1.txt => public.txt | 0
 1 file changed, 0 insertions(+), 0 deletions(-)
 rename public1.txt => public.txt (100%)
 GITLAB $ 

GITLAB $ git checkout public2
Switched to branch 'public2'
GITLAB $ echo "this is 2nd public" > public2.txt
 GITLAB $ 
 GITLAB $ ls
GIT_ASSINGMENT	main.txt  master.txt  public2.txt
 GITLAB $ git checkout master
Switched to branch 'master'
 GITLAB $ ls
GIT_ASSINGMENT	main.txt  master.txt  public2.txt  public.txt
 GITLAB $ 
 GITLAB $ 
 GITLAB $ 
 GITLAB $ 
 GITLAB $ git branch
  F1
  develop
  feature-branch
* master
  private
  public1
  public2
 GITLAB $ git merge p
private   public1   public2   
 GITLAB $ git merge public2
Merge made by the 'recursive' strategy.


GITLAB $ git checkout private 
Switched to branch 'private'
 GITLAB $ nano master.txt 
 GITLAB $ cat ma
main.txt    master.txt  
 GITLAB $ cat master.txt 
this is master file

hello world mate

GITLAB $ git master.txt
git: 'master.txt' is not a git command. See 'git --help'.
 GITLAB $ git add master.txt
 GITLAB $ git commit -m "added"
[private abdfef8] added
 1 file changed, 1 insertion(+), 1 deletion(-)
 
 GITLAB $ git checkout public1
Switched to branch 'public1'
 GITLAB $ 
 GITLAB $ git merge private 
Merge made by the 'ort' strategy.
 master.txt | 2 +-
 1 file changed, 1 insertion(+), 1 deletion(-)

 
 GITLAB $ git checkout public2
Switched to branch 'public2'
 GITLAB $ 
 GITLAB $ 
 GITLAB $ git merge private 
Merge made by the 'ort' strategy.
 master.txt | 2 +-
 1 file changed, 1 insertion(+), 1 deletion(-)

 
 GITLAB $ git checkout master 
Switched to branch 'master'
 GITLAB $ 
 GITLAB $ 
 GITLAB $ git merge private 
Merge made by the 'ort' strategy.
 master.txt | 2 +-
 1 file changed, 1 insertion(+), 1 deletion(-)

 
 GITLAB $ git checkout private 
Switched to branch 'private'
 GITLAB $ 
 GITLAB $ git branch
  F1
  develop
  feature-branch
  master
* private
  public1
  public2
 GITLAB $ git merge master
Updating abdfef8..04a8277
Fast-forward
 public1.txt => public.txt | 0
 public2.txt               | 1 +
 2 files changed, 1 insertion(+)
 rename public1.txt => public.txt (100%)
 create mode 100644 public2.txt
 GITLAB $ 

 
 






















































